BL51 BANKED LINKER/LOCATER V6.22                                                        08/05/2020  15:22:15  PAGE 1


BL51 BANKED LINKER/LOCATER V6.22, INVOKED BY:
D:\PROGRAM FILES\KEIL_C5\C51\BIN\BL51.EXE ..\output\usart.obj, ..\output\stc_it.obj, ..\output\iic.obj, ..\output\main.o
>> bj TO ..\output\c51_iic PRINT (..\lis\c51_iic.m51) RAMSIZE (256)


MEMORY MODEL: SMALL WITH FLOATING POINT ARITHMETIC


INPUT MODULES INCLUDED:
  ..\output\usart.obj (USART)
  ..\output\stc_it.obj (STC_IT)
  ..\output\iic.obj (IIC)
  ..\output\main.obj (MAIN)
  D:\PROGRAM FILES\KEIL_C5\C51\LIB\C51FPS.LIB (?C?FPDIV)
  D:\PROGRAM FILES\KEIL_C5\C51\LIB\C51FPS.LIB (?C?FCAST)
  D:\PROGRAM FILES\KEIL_C5\C51\LIB\C51FPS.LIB (?C?CASTF)
  D:\PROGRAM FILES\KEIL_C5\C51\LIB\C51FPS.LIB (PRINTF)
  D:\PROGRAM FILES\KEIL_C5\C51\LIB\C51FPS.LIB (?C?FPGETOPN)
  D:\PROGRAM FILES\KEIL_C5\C51\LIB\C51FPS.LIB (?C?FPROUND)
  D:\PROGRAM FILES\KEIL_C5\C51\LIB\C51FPS.LIB (?C?FPCONVERT)
  D:\PROGRAM FILES\KEIL_C5\C51\LIB\C51FPS.LIB (?C?FPADD)
  D:\PROGRAM FILES\KEIL_C5\C51\LIB\C51FPS.LIB (?C?FPMUL)
  D:\PROGRAM FILES\KEIL_C5\C51\LIB\C51FPS.LIB (?C?FTNPWR)
  D:\PROGRAM FILES\KEIL_C5\C51\LIB\C51S.LIB (?C_STARTUP)
  D:\PROGRAM FILES\KEIL_C5\C51\LIB\C51S.LIB (?C?COPY)
  D:\PROGRAM FILES\KEIL_C5\C51\LIB\C51S.LIB (?C?CLDPTR)
  D:\PROGRAM FILES\KEIL_C5\C51\LIB\C51S.LIB (?C?CLDOPTR)
  D:\PROGRAM FILES\KEIL_C5\C51\LIB\C51S.LIB (?C?CILDOPTR)
  D:\PROGRAM FILES\KEIL_C5\C51\LIB\C51S.LIB (?C?CSTPTR)
  D:\PROGRAM FILES\KEIL_C5\C51\LIB\C51S.LIB (?C?ILDOPTR)
  D:\PROGRAM FILES\KEIL_C5\C51\LIB\C51S.LIB (?C?ULDIV)
  D:\PROGRAM FILES\KEIL_C5\C51\LIB\C51S.LIB (?C?LNEG)
  D:\PROGRAM FILES\KEIL_C5\C51\LIB\C51S.LIB (?C?PLDIIDATA)
  D:\PROGRAM FILES\KEIL_C5\C51\LIB\C51S.LIB (?C?CCASE)
  D:\PROGRAM FILES\KEIL_C5\C51\LIB\C51S.LIB (?C?MEMSET)
  D:\PROGRAM FILES\KEIL_C5\C51\LIB\C51S.LIB (?C_INIT)


LINK MAP OF MODULE:  ..\output\c51_iic (USART)


            TYPE    BASE      LENGTH    RELOCATION   SEGMENT NAME
            -----------------------------------------------------

            * * * * * * *   D A T A   M E M O R Y   * * * * * * *
            REG     0000H     0008H     ABSOLUTE     "REG BANK 0"
            DATA    0008H     0013H     UNIT         ?DT?_SEND_OUT?USART
            DATA    001BH     0005H     UNIT         ?DT?STC_IT
            BIT     0020H.0   0001H.1   UNIT         _BIT_GROUP_
                    0021H.1   0000H.7                *** GAP ***
            DATA    0022H     0040H     UNIT         _DATA_GROUP_
            DATA    0062H     0012H     UNIT         ?DT?_SEND_3OUT?USART
            DATA    0074H     0004H     UNIT         ?DT?_USART_SEND?USART
            DATA    0078H     0002H     UNIT         ?DT?USART
            IDATA   007AH     0001H     UNIT         ?STACK

            * * * * * * *   C O D E   M E M O R Y   * * * * * * *
            CODE    0000H     0003H     ABSOLUTE     
BL51 BANKED LINKER/LOCATER V6.22                                                      08/05/2020  15:22:15  PAGE 2


            CODE    0003H     000FH     UNIT         ?PR?_DELAY_MS?MAIN
            CODE    0012H     0001H     UNIT         ?PR?EXTI1_IRQHANDLER?STC_IT
            CODE    0013H     0003H     ABSOLUTE     
            CODE    0016H     000DH     UNIT         ?CO?USART
            CODE    0023H     0003H     ABSOLUTE     
            CODE    0026H     07F6H     UNIT         ?C?LIB_CODE
            CODE    081CH     046FH     UNIT         ?PR?PRINTF?PRINTF
            CODE    0C8BH     0196H     UNIT         ?PR?MAIN?MAIN
            CODE    0E21H     00A2H     UNIT         ?PR?_SEND_OUT?USART
            CODE    0EC3H     008CH     UNIT         ?C_C51STARTUP
            CODE    0F4FH     0080H     UNIT         ?PR?_SINGLE_READI2C?IIC
            CODE    0FCFH     006CH     UNIT         ?PR?_SEND_3OUT?USART
            CODE    103BH     005CH     UNIT         ?PR?USART_IRQHANDLER?STC_IT
            CODE    1097H     0053H     UNIT         ?PR?_USART_SEND?USART
            CODE    10EAH     003EH     UNIT         ?PR?_SINGLE_WRITEI2C_BYTE?IIC
            CODE    1128H     003EH     UNIT         ?CO?MAIN
            CODE    1166H     002EH     UNIT         ?PR?_USART_INT?USART
            CODE    1194H     0027H     UNIT         ?PR?I2C_RECVBYTE?IIC
            CODE    11BBH     0025H     UNIT         ?PR?I2C_START?IIC
            CODE    11E0H     0025H     UNIT         ?PR?_I2C_SENDBYTE?IIC
            CODE    1205H     0020H     UNIT         ?PR?I2C_WAITACK?IIC
            CODE    1225H     0015H     UNIT         ?PR?_I2C_SENDACK?IIC
            CODE    123AH     0012H     UNIT         ?C_INITSEG
            CODE    124CH     0011H     UNIT         ?PR?I2C_STOP?IIC
            CODE    125DH     000EH     UNIT         ?PR?_PUTCHAR?MAIN
            CODE    126BH     000AH     UNIT         ?PR?_USART_SEND_BYTE?USART
            CODE    1275H     0003H     UNIT         ?PR?_DELAY_1US?IIC



OVERLAY MAP OF MODULE:   ..\output\c51_iic (USART)


SEGMENT                                  BIT_GROUP          DATA_GROUP 
  +--> CALLED SEGMENT                 START    LENGTH     START    LENGTH
-------------------------------------------------------------------------
?C_C51STARTUP                         -----    -----      -----    -----
  +--> ?PR?MAIN?MAIN
  +--> ?C_INITSEG

?PR?MAIN?MAIN                         -----    -----      0022H    0024H
  +--> ?CO?MAIN
  +--> ?PR?_USART_INT?USART
  +--> ?PR?_DELAY_MS?MAIN
  +--> ?PR?_SINGLE_WRITEI2C_BYTE?IIC
  +--> ?PR?_SINGLE_READI2C?IIC
  +--> ?PR?PRINTF?PRINTF

?PR?_USART_INT?USART                  -----    -----      0046H    0004H

?PR?_SINGLE_WRITEI2C_BYTE?IIC         -----    -----      -----    -----
  +--> ?PR?I2C_START?IIC
  +--> ?PR?_I2C_SENDBYTE?IIC
  +--> ?PR?I2C_WAITACK?IIC
  +--> ?PR?I2C_STOP?IIC

?PR?I2C_START?IIC                     -----    -----      -----    -----
BL51 BANKED LINKER/LOCATER V6.22                                                      08/05/2020  15:22:15  PAGE 3


  +--> ?PR?_DELAY_1US?IIC

?PR?_DELAY_1US?IIC                    -----    -----      004CH    0001H

?PR?_I2C_SENDBYTE?IIC                 -----    -----      -----    -----
  +--> ?PR?_DELAY_1US?IIC

?PR?I2C_WAITACK?IIC                   -----    -----      -----    -----
  +--> ?PR?_DELAY_1US?IIC

?PR?I2C_STOP?IIC                      -----    -----      -----    -----
  +--> ?PR?_DELAY_1US?IIC

?PR?_SINGLE_READI2C?IIC               -----    -----      0046H    0006H
  +--> ?PR?I2C_START?IIC
  +--> ?PR?_I2C_SENDBYTE?IIC
  +--> ?PR?I2C_WAITACK?IIC
  +--> ?PR?I2C_STOP?IIC
  +--> ?PR?I2C_RECVBYTE?IIC
  +--> ?PR?_I2C_SENDACK?IIC

?PR?I2C_RECVBYTE?IIC                  -----    -----      -----    -----
  +--> ?PR?_DELAY_1US?IIC

?PR?_I2C_SENDACK?IIC                  -----    -----      -----    -----
  +--> ?PR?_DELAY_1US?IIC

?PR?PRINTF?PRINTF                     0020H.0  0001H.1    0046H    001CH
  +--> ?PR?_PUTCHAR?MAIN



SYMBOL TABLE OF MODULE:  ..\output\c51_iic (USART)

  VALUE           TYPE          NAME
  ----------------------------------

  -------         MODULE        USART
  C:0000H         SYMBOL        _ICE_DUMMY_
  D:0080H         PUBLIC        P0
  D:0090H         PUBLIC        P1
  D:00B0H         PUBLIC        P3
  D:00A8H         PUBLIC        IE
  D:00B8H         PUBLIC        IP
  C:0FCFH         PUBLIC        _send_3out
  C:1166H         PUBLIC        _Usart_Int
  D:0099H         PUBLIC        SBUF
  D:0098H         PUBLIC        SCON
  C:126BH         PUBLIC        _USART_send_byte
  D:0089H         PUBLIC        TMOD
  D:0088H         PUBLIC        TCON
  C:0016H         SYMBOL        _?ix1000
  D:008DH         PUBLIC        TH1
  D:008BH         PUBLIC        TL1
  C:0E21H         PUBLIC        _send_out
  D:0078H         PUBLIC        send_ok
  D:00C8H         PUBLIC        T2CON
BL51 BANKED LINKER/LOCATER V6.22                                                      08/05/2020  15:22:15  PAGE 4


  D:0079H         PUBLIC        Calibration
  D:00D0H         PUBLIC        PSW
  C:1097H         PUBLIC        _USART_Send
  -------         PROC          _USART_INT
  D:0046H         SYMBOL        BaudRatePrescaler
  C:1166H         LINE#         4
  C:116EH         LINE#         5
  C:116EH         LINE#         6
  C:1171H         LINE#         7
  C:1174H         LINE#         9
  C:118BH         LINE#         10
  C:118DH         LINE#         11
  C:1190H         LINE#         12
  C:1193H         LINE#         13
  -------         ENDPROC       _USART_INT
  -------         PROC          _USART_SEND_BYTE
  D:0007H         SYMBOL        Tx_data
  C:126BH         LINE#         16
  C:126BH         LINE#         17
  C:126BH         LINE#         18
  C:126FH         LINE#         19
  C:1271H         LINE#         20
  C:1274H         LINE#         21
  -------         ENDPROC       _USART_SEND_BYTE
  -------         PROC          _USART_SEND
  D:0074H         SYMBOL        Buffer
  D:0005H         SYMBOL        Length
  -------         DO            
  D:0077H         SYMBOL        i
  -------         ENDDO         
  C:1097H         LINE#         23
  C:109DH         LINE#         24
  C:109DH         LINE#         25
  C:10A0H         LINE#         26
  C:10A6H         LINE#         27
  C:10A6H         LINE#         28
  C:10AFH         LINE#         29
  C:10D1H         LINE#         30
  C:10E7H         LINE#         31
  C:10E9H         LINE#         32
  -------         ENDPROC       _USART_SEND
  -------         PROC          _SEND_3OUT
  D:0062H         SYMBOL        Data
  D:0065H         SYMBOL        length
  D:0066H         SYMBOL        send
  -------         DO            
  D:0067H         SYMBOL        TX_DATA
  D:0007H         SYMBOL        i
  D:0006H         SYMBOL        k
  -------         ENDDO         
  C:0FCFH         LINE#         33
  C:0FD7H         LINE#         34
  C:0FD7H         LINE#         35
  C:0FECH         LINE#         36
  C:0FF2H         LINE#         37
  C:0FFAH         LINE#         38
  C:1002H         LINE#         39
BL51 BANKED LINKER/LOCATER V6.22                                                      08/05/2020  15:22:15  PAGE 5


  C:100AH         LINE#         40
  C:1012H         LINE#         41
  C:1012H         LINE#         42
  C:102AH         LINE#         43
  C:102DH         LINE#         44
  -------         ENDPROC       _SEND_3OUT
  -------         PROC          _SEND_OUT
  D:0008H         SYMBOL        Data
  D:000BH         SYMBOL        length
  D:000CH         SYMBOL        send
  -------         DO            
  D:000DH         SYMBOL        TX_DATA
  D:001AH         SYMBOL        i
  D:0005H         SYMBOL        k
  -------         ENDDO         
  C:0E21H         LINE#         47
  C:0E29H         LINE#         48
  C:0E29H         LINE#         49
  C:0E2DH         LINE#         50
  C:0E43H         LINE#         51
  C:0E4DH         LINE#         52
  C:0E57H         LINE#         53
  C:0E61H         LINE#         54
  C:0E70H         LINE#         55
  C:0E78H         LINE#         56
  C:0E78H         LINE#         57
  C:0E98H         LINE#         58
  C:0EB0H         LINE#         59
  C:0EB3H         LINE#         60
  -------         ENDPROC       _SEND_OUT
  -------         ENDMOD        USART

  -------         MODULE        STC_IT
  C:0000H         SYMBOL        _ICE_DUMMY_
  D:0080H         PUBLIC        P0
  D:0090H         PUBLIC        P1
  D:00B0H         PUBLIC        P3
  D:00A8H         PUBLIC        IE
  D:00B8H         PUBLIC        IP
  B:0098H.0       PUBLIC        RI
  B:0098H.1       PUBLIC        TI
  D:001FH         PUBLIC        stata
  C:103BH         PUBLIC        USART_IRQHandler
  D:0099H         PUBLIC        SBUF
  D:0098H         PUBLIC        SCON
  D:0088H         PUBLIC        TCON
  D:00C8H         PUBLIC        T2CON
  D:00D0H         PUBLIC        PSW
  C:0012H         PUBLIC        EXTI1_IRQHandler
  -------         PROC          EXTI1_IRQHANDLER
  C:0012H         LINE#         6
  C:0012H         LINE#         8
  -------         ENDPROC       EXTI1_IRQHANDLER
  -------         PROC          USART_IRQHANDLER
  -------         DO            
  D:001BH         SYMBOL        i
  D:001CH         SYMBOL        rebuf
BL51 BANKED LINKER/LOCATER V6.22                                                      08/05/2020  15:22:15  PAGE 6


  D:0007H         SYMBOL        sum
  -------         ENDDO         
  C:103BH         LINE#         10
  C:1048H         LINE#         13
  C:1049H         LINE#         14
  C:104CH         LINE#         15
  C:104CH         LINE#         16
  C:104EH         LINE#         17
  C:1050H         LINE#         18
  C:1050H         LINE#         19
  C:1053H         LINE#         20
  C:1053H         LINE#         21
  C:105DH         LINE#         22
  C:105FH         LINE#         23
  C:106AH         LINE#         24
  C:106DH         LINE#         25
  C:1072H         LINE#         26
  C:1072H         LINE#         27
  C:1076H         LINE#         28
  C:1079H         LINE#         29
  C:1079H         LINE#         30
  C:107EH         LINE#         31
  C:107EH         LINE#         32
  C:1081H         LINE#         34
  C:1081H         LINE#         35
  C:1086H         LINE#         36
  C:1086H         LINE#         37
  C:1089H         LINE#         39
  C:1089H         LINE#         40
  C:1089H         LINE#         41
  C:108CH         LINE#         42
  C:108CH         LINE#         44
  C:108CH         LINE#         46
  -------         ENDPROC       USART_IRQHANDLER
  -------         ENDMOD        STC_IT

  -------         MODULE        IIC
  C:0000H         SYMBOL        _ICE_DUMMY_
  D:0090H         PUBLIC        P1
  D:00B0H         PUBLIC        P3
  C:0F4FH         PUBLIC        _Single_ReadI2C
  C:1275H         PUBLIC        _delay_1us
  D:00A8H         PUBLIC        IE
  D:00B8H         PUBLIC        IP
  C:10EAH         PUBLIC        _Single_WriteI2C_byte
  C:11BBH         PUBLIC        I2C_Start
  D:0098H         PUBLIC        SCON
  D:0088H         PUBLIC        TCON
  C:11E0H         PUBLIC        _I2C_SendByte
  C:1205H         PUBLIC        I2C_WaitAck
  C:124CH         PUBLIC        I2C_Stop
  C:1194H         PUBLIC        I2C_RecvByte
  B:00B0H.7       PUBLIC        SDA
  B:00B0H.6       PUBLIC        SCL
  D:00C8H         PUBLIC        T2CON
  D:00D0H         PUBLIC        PSW
  C:1225H         PUBLIC        _I2C_SendACK
BL51 BANKED LINKER/LOCATER V6.22                                                      08/05/2020  15:22:15  PAGE 7


  -------         PROC          _DELAY_1US
  D:004CH         SYMBOL        x
  C:1275H         LINE#         2
  C:1277H         LINE#         3
  C:1277H         LINE#         5
  -------         ENDPROC       _DELAY_1US
  -------         PROC          I2C_START
  C:11BBH         LINE#         11
  C:11BBH         LINE#         12
  C:11BBH         LINE#         13
  C:11BDH         LINE#         14
  C:11C2H         LINE#         15
  C:11C4H         LINE#         16
  C:11C7H         LINE#         17
  C:11CCH         LINE#         18
  C:11CEH         LINE#         19
  C:11D3H         LINE#         20
  C:11D8H         LINE#         21
  C:11DAH         LINE#         22
  C:11DFH         LINE#         23
  C:11DFH         LINE#         24
  -------         ENDPROC       I2C_START
  -------         PROC          I2C_STOP
  C:124CH         LINE#         31
  C:124CH         LINE#         32
  C:124CH         LINE#         33
  C:124EH         LINE#         34
  C:1250H         LINE#         35
  C:1255H         LINE#         36
  C:1257H         LINE#         37
  C:125AH         LINE#         38
  C:125CH         LINE#         39
  -------         ENDPROC       I2C_STOP
  -------         PROC          _I2C_SENDACK
  D:0007H         SYMBOL        i
  C:1225H         LINE#         48
  C:1225H         LINE#         49
  C:1225H         LINE#         50
  C:1228H         LINE#         51
  C:122CH         LINE#         53
  C:122EH         LINE#         54
  C:1230H         LINE#         55
  C:1235H         LINE#         56
  C:1237H         LINE#         57
  -------         ENDPROC       _I2C_SENDACK
  -------         PROC          I2C_WAITACK
  -------         DO            
  D:0007H         SYMBOL        i
  -------         ENDDO         
  C:1205H         LINE#         65
  C:1205H         LINE#         66
  C:1205H         LINE#         67
  C:1207H         LINE#         68
  C:1209H         LINE#         69
  C:120BH         LINE#         70
  C:120EH         LINE#         71
  C:120EH         LINE#         72
BL51 BANKED LINKER/LOCATER V6.22                                                      08/05/2020  15:22:15  PAGE 8


  C:120FH         LINE#         73
  C:1212H         LINE#         74
  C:1212H         LINE#         76
  C:1215H         LINE#         77
  C:1215H         LINE#         78
  C:1217H         LINE#         79
  C:121AH         LINE#         80
  C:121AH         LINE#         81
  C:121FH         LINE#         82
  C:1221H         LINE#         83
  C:1224H         LINE#         84
  C:1224H         LINE#         85
  -------         ENDPROC       I2C_WAITACK
  -------         PROC          _I2C_SENDBYTE
  D:0006H         SYMBOL        dat
  -------         DO            
  D:0005H         SYMBOL        i
  -------         ENDDO         
  C:11E0H         LINE#         92
  C:11E2H         LINE#         93
  C:11E2H         LINE#         95
  C:11E4H         LINE#         96
  C:11E6H         LINE#         97
  C:11E6H         LINE#         98
  C:11EAH         LINE#         99
  C:11EEH         LINE#         101
  C:11F0H         LINE#         102
  C:11F2H         LINE#         103
  C:11F7H         LINE#         104
  C:11F9H         LINE#         105
  C:11FCH         LINE#         106
  C:1200H         LINE#         107
  C:1204H         LINE#         108
  -------         ENDPROC       _I2C_SENDBYTE
  -------         PROC          I2C_RECVBYTE
  -------         DO            
  D:0005H         SYMBOL        i
  D:0006H         SYMBOL        dat
  -------         ENDDO         
  C:1194H         LINE#         112
  C:1194H         LINE#         113
  C:1194H         LINE#         115
  C:1196H         LINE#         116
  C:1198H         LINE#         117
  C:119DH         LINE#         118
  C:119EH         LINE#         119
  C:119EH         LINE#         120
  C:11A2H         LINE#         122
  C:11A4H         LINE#         124
  C:11A7H         LINE#         125
  C:11AAH         LINE#         126
  C:11AFH         LINE#         127
  C:11B1H         LINE#         128
  C:11B4H         LINE#         129
  C:11B8H         LINE#         130
  C:11BAH         LINE#         131
  -------         ENDPROC       I2C_RECVBYTE
BL51 BANKED LINKER/LOCATER V6.22                                                      08/05/2020  15:22:15  PAGE 9


  -------         PROC          _SINGLE_WRITEI2C_BYTE
  D:0006H         SYMBOL        Slave_Address
  D:0003H         SYMBOL        REG_Address
  D:0004H         SYMBOL        datas
  C:10EAH         LINE#         135
  C:10F0H         LINE#         136
  C:10F0H         LINE#         137
  C:10F6H         LINE#         138
  C:10F8H         LINE#         140
  C:10FDH         LINE#         141
  C:1105H         LINE#         143
  C:110AH         LINE#         144
  C:1112H         LINE#         146
  C:1117H         LINE#         147
  C:1122H         LINE#         149
  C:1125H         LINE#         151
  C:1127H         LINE#         152
  -------         ENDPROC       _SINGLE_WRITEI2C_BYTE
  -------         PROC          _SINGLE_READI2C
  D:0004H         SYMBOL        Slave_Address
  D:0047H         SYMBOL        REG_Address
  D:0048H         SYMBOL        REG_data
  D:004BH         SYMBOL        length
  C:0F4FH         LINE#         156
  C:0F59H         LINE#         157
  C:0F59H         LINE#         158
  C:0F5FH         LINE#         159
  C:0F61H         LINE#         161
  C:0F66H         LINE#         162
  C:0F6EH         LINE#         164
  C:0F73H         LINE#         165
  C:0F7BH         LINE#         167
  C:0F81H         LINE#         168
  C:0F83H         LINE#         170
  C:0F89H         LINE#         171
  C:0F94H         LINE#         173
  C:0F99H         LINE#         174
  C:0F99H         LINE#         175
  C:0FAEH         LINE#         176
  C:0FB3H         LINE#         177
  C:0FB5H         LINE#         178
  C:0FB7H         LINE#         179
  C:0FC4H         LINE#         180
  C:0FC9H         LINE#         181
  C:0FCCH         LINE#         182
  C:0FCEH         LINE#         183
  -------         ENDPROC       _SINGLE_READI2C
  -------         ENDMOD        IIC

  -------         MODULE        MAIN
  C:0000H         SYMBOL        _ICE_DUMMY_
  D:0080H         PUBLIC        P0
  D:0090H         PUBLIC        P1
  D:00B0H         PUBLIC        P3
  D:00A8H         PUBLIC        IE
  B:00A8H.4       PUBLIC        ES
  D:00B8H         PUBLIC        IP
BL51 BANKED LINKER/LOCATER V6.22                                                      08/05/2020  15:22:15  PAGE 10


  B:0098H.1       PUBLIC        TI
  C:0C8BH         PUBLIC        main
  D:0099H         PUBLIC        SBUF
  D:0098H         PUBLIC        SCON
  D:0088H         PUBLIC        TCON
  C:1155H         SYMBOL        _?ix1000
  C:115EH         SYMBOL        _?ix1001
  C:0007H         PUBLIC        _delay_ms
  D:00C8H         PUBLIC        T2CON
  D:00D0H         PUBLIC        PSW
  C:125DH         PUBLIC        _putchar
  -------         PROC          _PUTCHAR
  D:0007H         SYMBOL        c
  C:125DH         LINE#         20
  C:125DH         LINE#         21
  C:125DH         LINE#         22
  C:125FH         LINE#         23
  C:1261H         LINE#         24
  C:1264H         LINE#         25
  C:1266H         LINE#         26
  C:1268H         LINE#         27
  C:126AH         LINE#         28
  -------         ENDPROC       _PUTCHAR
  C:0003H         SYMBOL        L?0018
  -------         PROC          L?0017
  -------         ENDPROC       L?0017
  C:0003H         SYMBOL        L?0018
  -------         PROC          _DELAY_MS
  D:0006H         SYMBOL        x
  C:0007H         LINE#         36
  C:0007H         LINE#         37
  C:0007H         LINE#         38
  C:0011H         LINE#         39
  -------         ENDPROC       _DELAY_MS
  -------         PROC          MAIN
  -------         DO            
  D:0022H         SYMBOL        raw_data
  D:002BH         SYMBOL        datas
  D:0033H         SYMBOL        delay_t
  D:0035H         SYMBOL        my_ir
  D:0045H         SYMBOL        td
  -------         ENDDO         
  C:0C8BH         LINE#         40
  C:0C8BH         LINE#         41
  C:0C8BH         LINE#         42
  C:0C9EH         LINE#         43
  C:0CB1H         LINE#         47
  C:0CB4H         LINE#         49
  C:0CBDH         LINE#         50
  C:0CC4H         LINE#         51
  C:0CC7H         LINE#         52
  C:0CD0H         LINE#         53
  C:0CDFH         LINE#         54
  C:0CDFH         LINE#         55
  C:0CE7H         LINE#         56
  C:0CEFH         LINE#         57
  C:0CF7H         LINE#         58
BL51 BANKED LINKER/LOCATER V6.22                                                      08/05/2020  15:22:15  PAGE 11


  C:0CFDH         LINE#         59
  C:0CFDH         LINE#         60
  C:0D00H         LINE#         61
  C:0D09H         LINE#         62
  C:0D0CH         LINE#         63
  C:0D15H         LINE#         64
  C:0D18H         LINE#         65
  C:0D18H         LINE#         66
  C:0D18H         LINE#         68
  C:0D2EH         LINE#         69
  C:0D2EH         LINE#         70
  C:0D46H         LINE#         71
  C:0D5EH         LINE#         72
  C:0D76H         LINE#         73
  C:0D8BH         LINE#         74
  C:0DAEH         LINE#         75
  C:0DD1H         LINE#         76
  C:0DF4H         LINE#         77
  C:0E17H         LINE#         78
  C:0E17H         LINE#         79
  C:0E1EH         LINE#         83
  -------         ENDPROC       MAIN
  -------         ENDMOD        MAIN

  -------         MODULE        ?C?FPDIV
  C:0029H         PUBLIC        ?C?FPDIV
  -------         ENDMOD        ?C?FPDIV

  -------         MODULE        ?C?FCAST
  C:00D0H         PUBLIC        ?C?FCASTC
  C:00CBH         PUBLIC        ?C?FCASTI
  C:00C6H         PUBLIC        ?C?FCASTL
  -------         ENDMOD        ?C?FCAST

  -------         MODULE        ?C?CASTF
  C:0104H         PUBLIC        ?C?CASTF
  -------         ENDMOD        ?C?CASTF

  -------         MODULE        PRINTF
  D:0046H         PUBLIC        ?_PRINTF?BYTE
  D:0046H         PUBLIC        ?_SPRINTF?BYTE
  C:087EH         PUBLIC        _PRINTF
  C:0878H         PUBLIC        _SPRINTF
  -------         ENDMOD        PRINTF

  -------         MODULE        ?C?FPROUND
  C:0185H         PUBLIC        ?C?FPROUND
  -------         ENDMOD        ?C?FPROUND

  -------         MODULE        ?C?FPCONVERT
  C:01B4H         PUBLIC        ?C?FPCONVERT
  -------         ENDMOD        ?C?FPCONVERT

  -------         MODULE        ?C?FPADD
  C:02BEH         PUBLIC        ?C?FPADD
  C:02BAH         PUBLIC        ?C?FPSUB
  -------         ENDMOD        ?C?FPADD
BL51 BANKED LINKER/LOCATER V6.22                                                      08/05/2020  15:22:15  PAGE 12



  -------         MODULE        ?C?FPMUL
  C:03AFH         PUBLIC        ?C?FPMUL
  -------         ENDMOD        ?C?FPMUL

  -------         MODULE        ?C?FTNPWR
  C:04E5H         PUBLIC        ?C?FTNPWR
  -------         ENDMOD        ?C?FTNPWR

  -------         MODULE        ?C?COPY
  C:05F5H         PUBLIC        ?C?COPY
  -------         ENDMOD        ?C?COPY

  -------         MODULE        ?C?CLDPTR
  C:061BH         PUBLIC        ?C?CLDPTR
  -------         ENDMOD        ?C?CLDPTR

  -------         MODULE        ?C?CLDOPTR
  C:0634H         PUBLIC        ?C?CLDOPTR
  -------         ENDMOD        ?C?CLDOPTR

  -------         MODULE        ?C?CILDOPTR
  C:0661H         PUBLIC        ?C?CILDOPTR
  -------         ENDMOD        ?C?CILDOPTR

  -------         MODULE        ?C?CSTPTR
  C:0694H         PUBLIC        ?C?CSTPTR
  -------         ENDMOD        ?C?CSTPTR

  -------         MODULE        ?C?ILDOPTR
  C:06A6H         PUBLIC        ?C?ILDOPTR
  -------         ENDMOD        ?C?ILDOPTR

  -------         MODULE        ?C?ULDIV
  C:071AH         PUBLIC        ?C?ULDIV
  -------         ENDMOD        ?C?ULDIV

  -------         MODULE        ?C?LNEG
  C:07ACH         PUBLIC        ?C?LNEG
  -------         ENDMOD        ?C?LNEG

  -------         MODULE        ?C?PLDIIDATA
  C:07BAH         PUBLIC        ?C?PLDIIDATA
  -------         ENDMOD        ?C?PLDIIDATA

  -------         MODULE        ?C?CCASE
  C:07CAH         PUBLIC        ?C?CCASE
  -------         ENDMOD        ?C?CCASE

  -------         MODULE        ?C?MEMSET
  C:07F0H         PUBLIC        ?C?MEMSET
  -------         ENDMOD        ?C?MEMSET

*** WARNING L16: UNCALLED SEGMENT, IGNORED FOR OVERLAY PROCESS
    SEGMENT: ?PR?_SEND_3OUT?USART

*** WARNING L16: UNCALLED SEGMENT, IGNORED FOR OVERLAY PROCESS
BL51 BANKED LINKER/LOCATER V6.22                                                      08/05/2020  15:22:15  PAGE 13


    SEGMENT: ?PR?_SEND_OUT?USART

Program Size: data=122.1 xdata=0 code=4728
LINK/LOCATE RUN COMPLETE.  2 WARNING(S),  0 ERROR(S)
