C51 COMPILER V9.53.0.0   MAIN                                                              08/05/2020 15:22:15 PAGE 1   


C51 COMPILER V9.53.0.0, COMPILATION OF MODULE MAIN
OBJECT MODULE PLACED IN ..\output\main.obj
COMPILER INVOKED BY: D:\Program Files\Keil_c5\C51\BIN\C51.EXE main.c OPTIMIZE(8,SPEED) BROWSE INCDIR(..\PERIPHERALS\INC\
                    -) DEBUG OBJECTEXTEND PRINT(..\lis\main.lst) TABS(2) OBJECT(..\output\main.obj)

line level    source

   1          #include <reg52.h>
   2          #include "usart.h"
   3          #include "iic.h"  
   4           #include "stdio.h"
   5          /*
   6          硬件接法：
   7          GY-33----C51
   8          SCL---P3^6
   9          SDA---P3^7
  10          C51---FT232
  11          TX ---RX
  12          RX ---TX
  13          软件说明：
  14          
  15          注：
  16            中断函数位于stc_it.c
  17          联系方式：
  18          http://shop62474960.taobao.com/?spm=a230r.7195193.1997079397.2.9qa3Ky&v=1
  19          */
  20          char putchar (char c)   
  21          {        
  22   1          ES=0;        
  23   1          SBUF = c;        
  24   1          while(TI==0);        
  25   1          TI=0;        
  26   1          ES=1;        
  27   1          return 0;
  28   1      }
  29          typedef struct
  30          {
  31              float e;
  32              float to;
  33              float ta;
  34              float bo;
  35          } gyir;
  36          void delay_ms(unsigned int x)
  37          {
  38   1        while(x--);
  39   1      }
  40          int main(void)
  41          {
  42   1        u8  raw_data[9]={0};
  43   1        uint16_t datas[4]={0},delay_t;
  44   1      
  45   1        gyir my_ir;
  46   1      
  47   1        u8 td=0;
  48   1      
  49   1        Usart_Int(9600);
  50   1        delay_ms(300);//等待模块初始化完成
  51   1        td=2;
  52   1         Single_WriteI2C_byte(0xa4,0x02,2);//设置更新频率5hz
  53   1             switch(td)
  54   1             {
C51 COMPILER V9.53.0.0   MAIN                                                              08/05/2020 15:22:15 PAGE 2   

  55   2               case 0:delay_t=1010;break;
  56   2               case 1:delay_t=510;break;
  57   2               case 2:delay_t=210;break;
  58   2               case 3:delay_t=110;break;
  59   2             }
  60   1              delay_ms(1); 
  61   1              Single_WriteI2C_byte(0xa4,0x07,95);//设置发射率0.95
  62   1              delay_ms(1);
  63   1              Single_WriteI2C_byte(0xa4,0x06,95);//设置温度补偿 95-100=-5度
  64   1              delay_ms(1); 
  65   1        while(1)
  66   1        {
  67   2          
  68   2            if(Single_ReadI2C(0xa4,0x07,raw_data,7))
  69   2            {
  70   3              datas[0]=my_ir.to=(raw_data[1]<<8)|raw_data[2];
  71   3              datas[1]=my_ir.ta=(raw_data[3]<<8)|raw_data[4];
  72   3              datas[2]=my_ir.bo=(raw_data[5]<<8)|raw_data[6];
  73   3              datas[3]=my_ir.e=raw_data[0];
  74   3              printf("E: %.2f,",(float)my_ir.e/100);
  75   3              printf("  to: %.2f,",(float)my_ir.to/100);
  76   3              printf("  ta: %.2f,",(float)my_ir.ta/100);
  77   3              printf(" bo %.2f\r\n ",(float)my_ir.bo/100);  
  78   3            }
  79   2             delay_ms(delay_t); //等待更新
  80   2        
  81   2          
  82   2          
  83   2        }
  84   1      }


MODULE INFORMATION:   STATIC OVERLAYABLE
   CODE SIZE        =    435    ----
   CONSTANT SIZE    =     62    ----
   XDATA SIZE       =   ----    ----
   PDATA SIZE       =   ----    ----
   DATA SIZE        =   ----      36
   IDATA SIZE       =   ----    ----
   BIT SIZE         =   ----    ----
END OF MODULE INFORMATION.


C51 COMPILATION COMPLETE.  0 WARNING(S),  0 ERROR(S)
